// Vitest Snapshot v1, https://vitest.dev/guide/snapshot.html

exports[`Home page component > renders correctly 1`] = `
<div>
  <section>
    <div
      class="_banner_da09e4"
    >
      Up to 50% discount on selected items!
    </div>
    <div
      class="_image-container_da09e4"
    >
      <img
        alt="Model turning around"
        class="_image_da09e4"
        src="/src/assets/images/zoolander.webp"
      />
    </div>
    <div
      class="_model-container_da09e4"
    >
      <div
        class="_card_da09e4"
      >
        <img
          alt="Model"
          src="/src/assets/images/model1.jpg"
        />
        <h2>
          Latest Trends
        </h2>
      </div>
      <div
        class="_card_da09e4"
      >
        <img
          alt="Model"
          src="/src/assets/images/model2.jpg"
        />
        <h2>
          Modern Looks
        </h2>
      </div>
      <div
        class="_card_da09e4"
      >
        <img
          alt="Model"
          src="/src/assets/images/model3.jpg"
        />
        <h2>
          Stylish Vogue
        </h2>
      </div>
      <div
        class="_card_da09e4"
      >
        <img
          alt="Model"
          src="/src/assets/images/model4.jpg"
        />
        <h2>
          Formal Fashion
        </h2>
      </div>
    </div>
    <div
      class="_second-banner_da09e4"
    >
      Special Spring Sale!
    </div>
    <div
      class="_flex-container_da09e4"
    >
      <div
        class="_model-container2_da09e4"
      >
        <img
          alt="Model"
          src="/src/assets/images/model5.jpg"
        />
        <h2>
          Classical
        </h2>
        <a
          href="/products"
        >
          <button
            class="_button_da09e4"
          >
            Products
          </button>
        </a>
      </div>
      <div
        class="_model-container2_da09e4"
      >
        <img
          alt="Model"
          src="/src/assets/images/model6.jpg"
        />
        <h2>
          Contemporary
        </h2>
        <a
          href="/products"
        >
          <button
            class="_button_da09e4"
          >
            Products
          </button>
        </a>
      </div>
    </div>
    <div
      class="_banner_da09e4"
    >
      Latest Fashion Trends! Get them here!
    </div>
    <div
      class="_flex-container2_da09e4"
    >
      <div
        class="_social-media_da09e4"
      >
        <a
          href="https://www.facebook.com/"
          target="_blank"
        >
          <img
            alt="Facebook"
            src="/src/assets/icons/facebook.svg"
          />
        </a>
        <a
          href="https://www.instagram.com/"
          target="_blank"
        >
          <img
            alt="Instagram"
            src="/src/assets/icons/instagram.svg"
          />
        </a>
        <a
          href="https://www.snapchat.com/"
        >
          <img
            alt="Snapchat"
            src="/src/assets/icons/snapchat.svg"
          />
        </a>
        <a
          href="https://line.me/en/"
        >
          <img
            alt="Line"
            src="/src/assets/icons/line.svg"
          />
        </a>
      </div>
      <div
        class="_payment-method_da09e4"
      >
        <img
          alt="Visa"
          src="/src/assets/icons/visa.svg"
        />
        <img
          alt="American Express"
          src="/src/assets/icons/americanexpress.svg"
        />
        <img
          alt="Google Wallet"
          src="/src/assets/icons/googlewallet.svg"
        />
        <img
          alt="JCB"
          src="/src/assets/icons/jcb.svg"
        />
      </div>
    </div>
    <footer
      class="_footer_da09e4"
    >
      Â© 2024 DL
    </footer>
  </section>
</div>
`;
